// Jest Snapshot v1, https://goo.gl/fbAQLP

exports[`SiteLogo.vue has the expected html structure 1`] = `
<div>
  <img
    alt="Site Logo"
    class="logo--main"
    src=""
  />
</div>
`;

